#
# A fatal error has been detected by the Java Runtime Environment:
#
#  EXCEPTION_STACK_OVERFLOW (0xc00000fd) at pc=0x00007ff88aed6863, pid=211060, tid=282520
#
# JRE version: Java(TM) SE Runtime Environment 18.9 (11.0.9+7) (build 11.0.9+7-LTS)
# Java VM: Java HotSpot(TM) 64-Bit Server VM 18.9 (11.0.9+7-LTS, mixed mode, tiered, compressed oops, g1 gc, windows-amd64)
# Problematic frame:
# V  [jvm.dll+0x366863]
#
# No core dump will be written. Minidumps are not enabled by default on client versions of Windows
#
# If you would like to submit a bug report, please visit:
#   https://bugreport.java.com/bugreport/crash.jsp
#

---------------  S U M M A R Y ------------

Command Line: -Dfile.encoding=UTF-8 --module-path=D:\LEARNING\DaiHoc\HK5\LTMang\UDP_TH2\bin;D:\LEARNING\DaiHoc\HK5\LTMang\UDP_TH2\lib\mysql-connector-j-8.1.0.jar -Djdk.module.main=UDP_TH2 UDP_TH2/UDP_Chat.UDP_Chat_Server

Host: 11th Gen Intel(R) Core(TM) i5-1135G7 @ 2.40GHz, 8 cores, 7G,  Windows 10 , 64 bit Build 22621 (10.0.22621.2428)
Time: Mon Nov 13 15:44:53 2023 SE Asia Standard Time elapsed time: 38.583768 seconds (0d 0h 0m 38s)

---------------  T H R E A D  ---------------

Current thread (0x0000027251767000):  JavaThread "Thread-64694" [_thread_in_vm, id=282520, stack(0x000000cd6cf00000,0x000000cd6d000000)]

Stack: [0x000000cd6cf00000,0x000000cd6d000000],  sp=0x000000cd6cfff610,  free space=1021k
Native frames: (J=compiled Java code, j=interpreted, Vv=VM code, C=native code)
V  [jvm.dll+0x366863]
V  [jvm.dll+0x611962]
V  [jvm.dll+0x36731a]
V  [jvm.dll+0x3675a7]
V  [jvm.dll+0x3d6f61]
V  [jvm.dll+0x7103d9]
V  [jvm.dll+0x709114]
