JvmtiExport can_access_local_variables 0
JvmtiExport can_hotswap_or_post_breakpoint 0
JvmtiExport can_post_on_exceptions 0
# 129 ciObject found
instanceKlass com/sun/jna/Platform
instanceKlass com/sun/jna/Native$5
instanceKlass com/sun/jna/Native$1
instanceKlass com/sun/jna/Callback$UncaughtExceptionHandler
instanceKlass com/sun/jna/Native
instanceKlass com/sun/jna/Version
instanceKlass org/tmatesoft/svn/core/internal/util/jna/ISVNMacOsCFLibrary
instanceKlass org/tmatesoft/svn/core/internal/util/jna/ISVNMacOsSecurityLibrary
instanceKlass org/tmatesoft/svn/core/internal/util/jna/ISVNGLibrary
instanceKlass org/tmatesoft/svn/core/internal/util/jna/ISVNGnomeKeyringLibrary
instanceKlass org/tmatesoft/svn/core/internal/util/jna/ISVNCLibrary
instanceKlass org/tmatesoft/svn/core/internal/util/jna/ISVNWin32Library
instanceKlass org/tmatesoft/svn/core/internal/util/jna/ISVNSecurityLibrary
instanceKlass org/tmatesoft/svn/core/internal/util/jna/ISVNKernel32Library
instanceKlass org/tmatesoft/svn/core/internal/util/jna/ISVNWinCryptLibrary
instanceKlass com/sun/jna/win32/StdCallLibrary
instanceKlass com/sun/jna/win32/StdCall
instanceKlass com/sun/jna/AltCallingConvention
instanceKlass org/tmatesoft/svn/core/internal/util/jna/JNALibraryLoader
instanceKlass org/tmatesoft/svn/core/internal/util/jna/SVNWin32Util
instanceKlass org/tmatesoft/svn/util/SVNLogType
instanceKlass com/sun/jna/Library
instanceKlass org/tmatesoft/svn/core/internal/util/jna/SVNJNAUtil
instanceKlass org/tmatesoft/svn/core/auth/ISVNAuthenticationManager
instanceKlass org/tmatesoft/svn/core/wc/SVNWCUtil
instanceKlass org/tmatesoft/svn/core/wc/ISVNOptions
instanceKlass org/tmatesoft/svn/core/io/ISVNTunnelProvider
instanceKlass com/mathworks/cmlink/implementations/svnkitintegration/ClientManagerContainer$AuthenticatingClientManager
instanceKlass com/mathworks/cmlink/implementations/svnkitintegration/ClientManagerContainer
instanceKlass com/mathworks/cmlink/implementations/svnkitintegration/SVNKitCanceller
instanceKlass org/tmatesoft/svn/core/internal/io/dav/http/IHTTPConnection
instanceKlass org/tmatesoft/svn/core/internal/io/dav/http/IHTTPConnectionFactory$1
instanceKlass org/tmatesoft/svn/core/internal/io/dav/http/IHTTPConnectionFactory
instanceKlass org/tmatesoft/svn/core/internal/io/svn/ISVNConnector
instanceKlass org/tmatesoft/svn/core/internal/io/svn/ISVNConnectorFactory$1
instanceKlass org/tmatesoft/svn/core/internal/io/svn/ISVNConnectorFactory
instanceKlass org/tmatesoft/svn/core/internal/util/SVNHashMap$TableEntry
instanceKlass org/tmatesoft/svn/core/internal/util/SVNHashMap
instanceKlass org/tmatesoft/svn/core/io/ISVNReporter
instanceKlass org/tmatesoft/svn/core/io/SVNRepository
instanceKlass org/tmatesoft/svn/core/io/SVNRepositoryFactory
instanceKlass com/mathworks/cmlink/implementations/svnkitintegration/NoUpgradeSVNAdminFactorySelector
instanceKlass org/tmatesoft/svn/core/internal/wc/admin/SVNAdminArea
instanceKlass java/time/Instant
instanceKlass java/time/temporal/TemporalAdjuster
instanceKlass java/time/temporal/Temporal
instanceKlass java/nio/file/FileVisitor
instanceKlass java/nio/file/FileStore
instanceKlass java/nio/file/attribute/UserPrincipal
instanceKlass org/tmatesoft/svn/core/internal/wc/SVNFileUtil
instanceKlass org/tmatesoft/svn/core/internal/wc/SVNClassLoader
instanceKlass org/tmatesoft/svn/core/internal/wc/admin/SVNAdminAreaFactory$DefaultSelector
instanceKlass org/tmatesoft/svn/core/internal/wc/admin/SVNAdminAreaFactory
instanceKlass org/tmatesoft/svn/util/SVNDebugLog
instanceKlass org/tmatesoft/svn/util/SVNDebugLogAdapter
instanceKlass com/mathworks/toolbox/cmlinkutils/preferences/BooleanMapUtil
instanceKlass org/tmatesoft/svn/util/ISVNDebugLog
instanceKlass com/mathworks/cmlink/implementations/svnkitintegration/logging/SVNKitLogFactory
instanceKlass org/tmatesoft/svn/core/internal/wc/admin/ISVNAdminAreaFactorySelector
instanceKlass com/mathworks/cmlink/implementations/svnkitintegration/SVNKitAdapterFactory
instanceKlass com/mathworks/cmlink/implementations/svnkitintegration/Cancellable
instanceKlass org/tmatesoft/svn/core/ISVNCanceller
instanceKlass com/mathworks/cmlink/implementations/svnkitintegration/BuiltInSVNAdapterFactory
instanceKlass com/mathworks/cmlink/implementations/localcm/LocalCMAdapterFactory
instanceKlass com/mathworks/toolbox/cmlinkutils/reflection/DepthAwareCaller
instanceKlass com/mathworks/toolbox/cmlinkutils/reflection/Caller
instanceKlass com/mathworks/cmlink/util/adapter/wrappers/CMAdapterCaller
instanceKlass com/mathworks/cmlink/api/CMAdapter
instanceKlass com/mathworks/cmlink/api/CMRepository
instanceKlass com/mathworks/cmlink/implementations/svnintegration/SVNAdapterFactory
instanceKlass com/mathworks/cmlink/api/CMAdapterFactory
instanceKlass com/mathworks/cmlink/api/CMInteractor
instanceKlass com/mathworks/cmlink/api/StatusListener
instanceKlass com/mathworks/cmlink/util/adapter/wrappers/DefaultMethodInvocation
instanceKlass com/mathworks/cmlink/util/internalapi/InternalCMRepository
instanceKlass com/mathworks/cmlink/util/internalapi/WithID
instanceKlass com/mathworks/cmlink/util/internalapi/Prioritized
instanceKlass com/mathworks/cmlink/util/adapter/wrappers/CMAdapterFactoryWrapper
instanceKlass com/mathworks/cmlink/util/adapter/wrappers/r11b/R11bToInternalCMAdapterFactoryConverter
instanceKlass com/mathworks/cmlink/util/adapter/wrappers/r14a/R14aToInternalCMAdapterFactoryConverter
instanceKlass com/mathworks/cmlink/util/adapter/wrappers/r16b/R16bToInternalCMAdapterFactoryConverter
instanceKlass com/mathworks/cmlink/util/adapter/wrappers/InternalCMAdapterFactoryConverter
instanceKlass com/mathworks/cmlink/management/registration/OsgiCMAdapterFactoryList
instanceKlass com/mathworks/cmlink/management/registration/CMAdapterFactoryList
instanceKlass com/mathworks/cmlink/management/registration/SingletonCMAdapterFactoryList
instanceKlass com/mathworks/cmlink/management/pool/shared/aggregators/AggregatingTerminator$1
instanceKlass com/mathworks/cmlink/management/pool/shared/CMMonitorDispatcher
instanceKlass com/mathworks/cmlink/management/pool/shared/aggregators/AggregatingExceptionHandler
instanceKlass com/mathworks/cmlink/management/pool/shared/aggregators/AggregatingStatusBroadcaster
instanceKlass com/mathworks/util/collections/CopyOnWriteList
instanceKlass com/mathworks/cmlink/management/pool/shared/aggregators/AggregatingProgressIndicator
instanceKlass com/mathworks/cmlink/management/pool/shared/SharedInteractor
instanceKlass com/mathworks/cmlink/api/TerminationListener
instanceKlass com/mathworks/cmlink/management/pool/shared/CMProcessTerminator
instanceKlass com/mathworks/cmlink/management/pool/AutoRefreshedRecord
instanceKlass com/mathworks/cmlink/management/pool/shared/CMStatusCacheExecutor$1
instanceKlass java/util/concurrent/SynchronousQueue$TransferStack$SNode
instanceKlass java/util/concurrent/SynchronousQueue$Transferer
instanceKlass com/mathworks/toolbox/shared/computils/threads/CountingThreadFactory
instanceKlass com/mathworks/toolbox/shared/computils/threads/WrappingExecutorService
instanceKlass com/mathworks/cmlink/management/pool/shared/CMStatusCacheExecutor
instanceKlass com/mathworks/toolbox/cmlinkutils/preferences/PreferenceManager
instanceKlass com/mathworks/cmlink/management/cache/CmStatusCache
instanceKlass com/mathworks/cmlink/management/cache/CmStatusCacheQueries
instanceKlass com/mathworks/cmlink/management/cache/RootSearchingCmStatusCacheFactory
instanceKlass com/mathworks/cmlink/management/pool/adapter/PrefBackedAdapterFactoryProvider
instanceKlass com/mathworks/cmlink/util/adapter/transformer/MutableTransformableCMAdapterFactoryProvider$NullAdapterTransformer
instanceKlass com/mathworks/cmlink/util/adapter/transformer/AdapterTransformer
instanceKlass com/mathworks/cmlink/util/adapter/CMAdapterFactoryProviderDecorator
instanceKlass com/mathworks/cmlink/management/pool/PooledCmStatusCacheEntry
instanceKlass com/mathworks/cmlink/management/pool/PooledCmStatusCacheProvider
instanceKlass com/mathworks/cmlink/management/pool/CmStatusCacheProvider
instanceKlass com/mathworks/cmlink/util/adapter/CMAdapterFactoryProvider
instanceKlass com/mathworks/cmlink/management/pool/shared/SingletonPooledCmStatusCacheProvider
instanceKlass com/mathworks/widgets/grouptable/GroupingTableRow$1
instanceKlass com/mathworks/widgets/grouptable/GroupingTableTransaction$2
instanceKlass com/mathworks/mlwidgets/explorer/model/table/PathAffordance$4
instanceKlass com/mathworks/mlwidgets/explorer/model/table/PathAffordance$5
instanceKlass com/mathworks/mlwidgets/explorer/model/table/PathAffordance$3
instanceKlass com/mathworks/mlwidgets/explorer/model/table/PathAffordance$GrayedOutStyle
instanceKlass com/mathworks/mde/explorer/Explorer$PathAffordanceAdapter$1$1
instanceKlass com/mathworks/widgets/grouptable/ColorStyle
instanceKlass com/mathworks/mlwidgets/explorer/model/table/PathAffordance
instanceKlass com/mathworks/widgets/grouptable/RowComparator
instanceKlass com/mathworks/widgets/grouptable/OldAscendingSortComparator
instanceKlass com/mathworks/widgets/grouptable/AscendingSortComparator
instanceKlass com/mathworks/mlwidgets/explorer/model/editorfs/EditorFileSystem$1$1
instanceKlass com/mathworks/jmi/AWTUtilities$WatchedRunnable
instanceKlass com/mathworks/jmi/AWTUtilities$WatchDog
instanceKlass com/mathworks/jmi/AWTUtilities
instanceKlass com/mathworks/mde/editor/MatlabEditorApplication$3
instanceKlass com/mathworks/hg/peer/DebugUtilities$Logger$MyActionListener
instanceKlass com/mathworks/hg/peer/DebugUtilities$Logger
instanceKlass com/mathworks/mde/editor/codepad/CodepadActionManager$1
instanceKlass com/mathworks/mde/editor/codepad/CodepadAction
instanceKlass com/mathworks/mde/editor/codepad/CodepadActionManager
instanceKlass com/mathworks/pathdataservice/PathDataService$5
instanceKlass com/mathworks/mwswing/MJScrollPane$1
instanceKlass java/awt/EventQueue$4
instanceKlass com/mathworks/mlwidgets/shortcuts/ShortcutsToolstripTabFactory$1
instanceKlass com/mathworks/mlwidgets/shortcuts/ShortcutsToolstripTabFactory
instanceKlass com/mathworks/mlwidgets/favoritecommands/FavoriteCommands$FavoriteActionsProvider
instanceKlass com/mathworks/mlwidgets/favoritecommands/FavoriteCommands$CategoryActionsProvider
instanceKlass com/mathworks/mde/cmdhist/AltHistory$17$1
instanceKlass com/mathworks/toolstrip/components/gallery/view/GalleryPopupListenerShower
instanceKlass com/mathworks/mlwidgets/favoritecommands/FavoriteCommands$FavoriteMenuContributor
instanceKlass com/mathworks/widgets/text/STPViewModificationInterface
instanceKlass com/mathworks/matlab/api/debug/ViewProviderKey
instanceKlass com/mathworks/mlwidgets/favoritecommands/FavoriteCommandToolSet$FavoriteToolTipContentProvider
instanceKlass com/mathworks/toolstrip/factory/TSRegistry$1
instanceKlass com/mathworks/jmi/MatlabMCR$AWTReplyEvent
instanceKlass com/mathworks/mde/desk/MLDesktop$7
instanceKlass com/mathworks/mde/desk/MLDesktop$9
instanceKlass com/mathworks/mde/desk/MLDesktop$6
instanceKlass com/mathworks/mde/desk/MLDesktop$18
instanceKlass com/mathworks/toolstrip/factory/ContextTargetingManager$RestoreData
instanceKlass com/mathworks/mde/liveeditor/LiveEditorTabManager$1
instanceKlass com/mathworks/toolbox/matlab/matlabwindowjava/CEFWebComponent$BrowserLoader$2
instanceKlass javax/swing/SwingHeavyWeight
instanceKlass java/awt/SequencedEvent$1
instanceKlass sun/awt/AWTAccessor$SequencedEventAccessor
instanceKlass java/awt/SplashScreen
instanceKlass java/awt/GridBagLayoutInfo
instanceKlass javax/swing/JTable$5
instanceKlass com/jidesoft/swing/StyledLabelBuilder
instanceKlass com/jidesoft/grid/HeaderLineWrapModel
instanceKlass com/mathworks/mde/explorer/Explorer$19
instanceKlass sun/awt/GlobalCursorManager$NativeUpdater
instanceKlass sun/awt/GlobalCursorManager
instanceKlass com/mathworks/toolstrip/impl/ToolstripSectionComponentWithHeader$1
instanceKlass com/mathworks/toolstrip/plaf/SplitButtonUI$Layout
instanceKlass com/mathworks/toolstrip/plaf/ToolstripTabLayout$1
instanceKlass com/google/common/collect/PeekingIterator
instanceKlass com/google/common/collect/Iterators
instanceKlass com/mathworks/toolstrip/plaf/ToolstripTabLayout$Section
instanceKlass com/mathworks/toolstrip/plaf/ToolstripHeaderUI$HeaderLayout$Sizes
instanceKlass javax/swing/SizeRequirements
instanceKlass com/mathworks/jmi/NativeWindows
instanceKlass com/sun/java/swing/plaf/windows/WindowsMenuItemUI$1
instanceKlass java/awt/BufferCapabilities
instanceKlass java/awt/AttributeValue
instanceKlass com/mathworks/storage/matlabdrivedesktop/PackageLogger
instanceKlass com/mathworks/storage/matlabdrivedesktop/TripwireEnabler
instanceKlass javax/swing/JTable$AccessibleJTable$AccessibleJTableModelChange
instanceKlass javax/accessibility/AccessibleTableModelChange
instanceKlass sun/util/locale/InternalLocaleBuilder$CaseInsensitiveChar
instanceKlass sun/util/locale/InternalLocaleBuilder
instanceKlass sun/util/locale/StringTokenIterator
instanceKlass sun/util/locale/ParseStatus
instanceKlass sun/awt/im/InputMethodAdapter
instanceKlass java/awt/im/spi/InputMethod
instanceKlass java/awt/im/spi/InputMethodContext
instanceKlass java/awt/im/InputMethodRequests
instanceKlass java/awt/im/InputContext
instanceKlass com/jidesoft/grid/JideTable$t_
instanceKlass com/mathworks/toolstrip/plaf/ToolstripHeaderUI$2
instanceKlass com/mathworks/toolstrip/plaf/ToolstripHeaderUI$MyFocusListener
instanceKlass com/mathworks/toolstrip/plaf/ToolstripHeaderUI$MyMouseListener
instanceKlass com/mathworks/toolstrip/plaf/ToolstripHeaderUI$MyKeyListener
instanceKlass com/mathworks/desktop/mnemonics/MnemonicsManagerImpl$RootProvider
instanceKlass com/mathworks/util/event/EventUtils
instanceKlass com/mathworks/util/event/AbstractInputEventsDispatcher$1
instanceKlass com/mathworks/desktop/mnemonics/MnemonicsManagerImpl$MnemonicEventListener
instanceKlass com/google/common/collect/Sets
instanceKlass com/mathworks/desktop/mnemonics/MnemonicsManagers$DefaultFactory$1
instanceKlass java/awt/event/MouseEvent$1
instanceKlass sun/awt/AWTAccessor$MouseEventAccessor
instanceKlass com/mathworks/util/event/AbstractInputEventsDispatcher
instanceKlass com/mathworks/desktop/mnemonics/MnemonicsManagerImpl$Collector
instanceKlass com/mathworks/util/async/Callback
instanceKlass com/mathworks/desktop/mnemonics/MnemonicsManagerImpl
instanceKlass com/mathworks/desktop/mnemonics/MnemonicsManager
instanceKlass com/mathworks/desktop/mnemonics/MnemonicsManagers$KeyboardFocusProvider
instanceKlass com/mathworks/desktop/mnemonics/MnemonicsManagers$DefaultFactory
instanceKlass com/mathworks/desktop/mnemonics/MnemonicsManagers$MnemonicsManagerFactory
instanceKlass com/mathworks/desktop/mnemonics/MnemonicsManagers
instanceKlass sun/awt/NullComponentPeer
instanceKlass java/awt/peer/LightweightPeer
instanceKlass sun/awt/im/ExecutableInputMethodManager$3
instanceKlass sun/awt/im/InputMethodLocator
instanceKlass sun/awt/windows/WInputMethodDescriptor
instanceKlass java/awt/im/spi/InputMethodDescriptor
instanceKlass sun/awt/im/InputMethodManager
instanceKlass sun/awt/FontConfiguration$2
instanceKlass sun/awt/NativeLibLoader$1
instanceKlass sun/awt/NativeLibLoader
instanceKlass sun/awt/PlatformFont
instanceKlass java/awt/peer/FontPeer
instanceKlass sun/awt/windows/WColor
instanceKlass sun/java2d/StateTracker$2
instanceKlass sun/java2d/StateTracker$1
instanceKlass sun/java2d/StateTracker
instanceKlass sun/java2d/SurfaceDataProxy
instanceKlass sun/awt/image/SurfaceManager$FlushableCacheData
instanceKlass sun/java2d/windows/GDIRenderer
instanceKlass sun/java2d/ScreenUpdateManager
instanceKlass javax/swing/RepaintManager$2
instanceKlass sun/awt/windows/WComponentPeer$2
instanceKlass sun/awt/im/InputMethodWindow
instanceKlass sun/awt/ExtendedKeyCodes
instanceKlass sun/awt/RepaintArea
instanceKlass sun/awt/windows/WWindowPeer$GuiDisposedListener
instanceKlass sun/awt/windows/WWindowPeer$ActiveWindowListener
instanceKlass java/awt/peer/CanvasPeer
instanceKlass java/awt/peer/PanelPeer
instanceKlass java/awt/peer/FramePeer
instanceKlass java/awt/peer/WindowPeer
instanceKlass java/awt/peer/ContainerPeer
instanceKlass com/mathworks/ddux/UIEventLog
instanceKlass com/mathworks/mde/desk/DDUXLoggerBridge
instanceKlass com/mathworks/mwswing/UIEventLogger$Implementation
instanceKlass java/rmi/MarshalledObject
instanceKlass java/rmi/Remote
instanceKlass sun/awt/datatransfer/DataTransferer$RMI
instanceKlass com/mathworks/mde/liveeditor/widget/rtc/DocumentEvent
instanceKlass com/mathworks/mde/liveeditor/widget/rtc/DocumentEventSupport$2$1
instanceKlass com/mathworks/mde/liveeditor/LiveEditorTabManager$9
instanceKlass com/mathworks/mde/editor/plugins/matlab/RunMenuInfoCache$1
instanceKlass com/mathworks/mde/editor/plugins/matlab/RunMenuInfoCache
instanceKlass com/mathworks/mde/liveeditor/LiveEditorTabManager$10
instanceKlass com/mathworks/mde/liveeditor/widget/rtc/DragAndDropService$1$1
instanceKlass com/mathworks/mde/liveeditor/LiveEditorTabManager$7
instanceKlass com/mathworks/mde/liveeditor/widget/rtc/DragAndDropService$1
instanceKlass com/mathworks/mde/liveeditor/widget/rtc/ContextMenuService$1$1
instanceKlass com/mathworks/mde/liveeditor/widget/rtc/DragAndDropService
instanceKlass com/mathworks/mde/liveeditor/widget/rtc/ContextMenuService$1
instanceKlass com/mathworks/mde/liveeditor/widget/rtc/ImageService$1$1
instanceKlass com/mathworks/mde/liveeditor/widget/rtc/ImageService$1
instanceKlass com/mathworks/mde/liveeditor/widget/rtc/ImageService
instanceKlass com/mathworks/mde/liveeditor/LiveEditorClearNavigationData
instanceKlass com/mathworks/mde/liveeditor/LiveEditorBackupDelete$BackupDeletePrefListener
instanceKlass com/mathworks/mde/liveeditor/LiveEditorBackupDelete$2
instanceKlass com/mathworks/mde/liveeditor/LiveEditorBackupDelete
instanceKlass com/mathworks/mde/liveeditor/LiveEditorColorsManager$LiveEditorPrefsListener
instanceKlass com/mathworks/mde/liveeditor/LiveEditorColorsManager
instanceKlass com/mathworks/mde/liveeditor/LiveEditorApplication$7
instanceKlass com/mathworks/mde/liveeditor/LiveEditorClient$40
instanceKlass com/mathworks/mde/liveeditor/LiveEditorClient$38
instanceKlass com/mathworks/mde/liveeditor/LiveEditorClient$37
instanceKlass com/mathworks/mde/liveeditor/LiveEditorClient$36
instanceKlass com/mathworks/mde/liveeditor/LiveEditorClient$35
instanceKlass com/mathworks/mde/liveeditor/LiveEditorClient$34
instanceKlass com/mathworks/mde/liveeditor/LiveEditorClient$33
instanceKlass com/mathworks/mde/liveeditor/LiveEditorClient$32
instanceKlass com/mathworks/mde/liveeditor/LiveEditorClient$31
instanceKlass com/mathworks/mde/liveeditor/LiveEditorClient$30
instanceKlass com/mathworks/mde/liveeditor/LiveEditorClient$29
instanceKlass com/mathworks/mde/liveeditor/LiveEditorClient$28
instanceKlass com/mathworks/mlwidgets/explorer/model/actions/ActionPredicates$33
instanceKlass com/mathworks/mlwidgets/explorer/model/actions/DefaultActionInput
instanceKlass com/mathworks/mlwidgets/explorer/extensions/basic/CoreActionProvider
instanceKlass com/mathworks/mde/liveeditor/client/DocumentTabActionProvider
instanceKlass com/mathworks/mde/liveeditor/client/PathActionInputSource
instanceKlass com/mathworks/mde/liveeditor/LiveEditorJavaActions$2
instanceKlass com/mathworks/mde/liveeditor/LiveEditorJavaActions$1
instanceKlass com/mathworks/mde/liveeditor/LiveEditorJavaActions
instanceKlass com/mathworks/mde/editor/plugins/editordataservice/CustomKeyboardShortcutsFeature$1
instanceKlass com/mathworks/services/editordataservice/EditorFeature$FeatureResponse
instanceKlass com/mathworks/services/editordataservice/EditorFeature
instanceKlass com/mathworks/mde/liveeditor/LiveEditorClient$ActionIdsRequest
instanceKlass com/mathworks/mde/liveeditor/LiveEditorClient$5
instanceKlass com/mathworks/mde/liveeditor/LiveEditorClient$6
instanceKlass com/mathworks/mde/liveeditor/LiveEditorClient$7
instanceKlass com/mathworks/mde/liveeditor/LiveEditorClient$9
instanceKlass com/mathworks/mwswing/MJCheckBox$ActionPropertyHandler
instanceKlass com/mathworks/mwswing/MJToggleButton$ActionPropertyHandler
instanceKlass com/mathworks/mde/editor/codepad/PublishMenu$2$1
instanceKlass com/mathworks/mde/liveeditor/LiveEditorToolSetFactory$8$1
instanceKlass com/mathworks/system/editor/toolstrip/SystemLiveEditorToolstripTabContributor$Listeners$3
instanceKlass com/mathworks/system/editor/toolstrip/SystemLiveEditorToolstripTabContributor$Listeners$2
instanceKlass com/mathworks/system/editor/toolstrip/SystemLiveEditorToolstripTabContributor$Listeners$1
instanceKlass com/mathworks/system/editor/toolstrip/SystemLiveEditorToolstripTabContributor$Listeners
instanceKlass com/mathworks/system/editor/toolstrip/CommandSender$AnalyzeCodeCallback
instanceKlass com/mathworks/system/editor/toolstrip/CommandSender$OnUpdateCallback
instanceKlass com/mathworks/system/editor/toolstrip/ToolstripControllerImpl
instanceKlass com/mathworks/system/editor/toolstrip/ToolSetController
instanceKlass com/mathworks/system/editor/toolstrip/Simulink
instanceKlass com/mathworks/system/editor/toolstrip/ToolSet$1
instanceKlass com/mathworks/system/editor/toolstrip/SystemObjectAPI$MethodsGalleryCallback
instanceKlass com/mathworks/system/editor/toolstrip/MethodCategory
instanceKlass com/mathworks/system/editor/toolstrip/MethodInfo
instanceKlass com/mathworks/system/editor/toolstrip/SystemObjectAPI
instanceKlass com/mathworks/system/editor/toolstrip/ToolstripState
instanceKlass com/mathworks/system/editor/toolstrip/UnifiedEditor
instanceKlass java/lang/invoke/LambdaForm$MH
instanceKlass com/mathworks/toolbox/matlab/testframework/ui/toolstrip/TestsLiveEditorToolstripContributor$$Lambda$41
instanceKlass java/lang/invoke/LambdaForm$DMH
instanceKlass com/mathworks/toolbox/matlab/testframework/ui/toolstrip/LiveEditorLiaison
instanceKlass com/mathworks/toolbox/matlab/testframework/ui/toolstrip/TestToolstripStateImpl
instanceKlass com/mathworks/mde/liveeditor/LiveEditorToolstripUtils$1
instanceKlass com/mathworks/system/editor/toolstrip/LiveToolstripListeners
instanceKlass com/mathworks/system/editor/toolstrip/SystemLiveEditorToolstripTabContributor$ComponentFactory
instanceKlass com/mathworks/system/editor/toolstrip/LiveToolstripComponentFactory
instanceKlass com/mathworks/system/editor/toolstrip/SystemLiveEditorToolstripTabContributor
instanceKlass com/mathworks/toolbox/matlab/testframework/ui/toolstrip/EditTestsKeyBinder
instanceKlass com/mathworks/toolbox/matlab/testframework/ui/toolstrip/TestsLiveEditorToolstripContributor
instanceKlass com/mathworks/mde/liveeditor/LiveEditorToolstripUtils
instanceKlass com/mathworks/mde/liveeditor/LiveEditorRepresentativeImpl
instanceKlass com/mathworks/mde/liveeditor/ToolstripRepresentativeImpl
instanceKlass com/mathworks/mde/liveeditor/LiveEditorViewToolSetFactory$3
instanceKlass com/mathworks/mde/liveeditor/LiveEditorViewToolSetFactory$2
instanceKlass com/mathworks/mde/liveeditor/LiveEditorViewToolSetFactory$LineNumberPrefListener
instanceKlass com/mathworks/mde/liveeditor/LiveEditorViewToolSetFactory$HighlightPrefListener
instanceKlass com/mathworks/widgets/desk/DTToolstripFactory$WindowAction$1
instanceKlass com/mathworks/mde/editor/codepad/PublishMenu$2
instanceKlass com/mathworks/mde/editor/codepad/PublishMenu$4
instanceKlass com/mathworks/mde/editor/codepad/PublishMenu$3
instanceKlass com/mathworks/mde/editor/codepad/PublishMenu
instanceKlass com/mathworks/mde/liveeditor/LiveEditorToolstripTabFactory$1
instanceKlass com/mathworks/mde/liveeditor/TabModel
instanceKlass com/mathworks/mde/editor/EditorToolSetFactory$6
instanceKlass com/mathworks/mde/liveeditor/LiveEditorToolSetFactory$3
instanceKlass com/mathworks/mde/liveeditor/LiveEditorToolSetFactory$5
instanceKlass com/mathworks/mde/editor/EditorToolSetFactory$7
instanceKlass com/mathworks/mde/editor/ProfilerButton$1
instanceKlass com/mathworks/mde/editor/ProfilerButton
instanceKlass com/mathworks/mde/editor/plugins/matlab/ErrorHandlingRunMenu$$Lambda$40
instanceKlass com/mathworks/mde/editor/plugins/matlab/ErrorHandlingRunMenu$$Lambda$39
instanceKlass com/mathworks/toolstrip/factory/TSFactory$ListListenerBridge
instanceKlass com/mathworks/mde/editor/plugins/matlab/RunMenu$15
instanceKlass com/mathworks/widgets/datamodel/StorageLocationUtils
instanceKlass org/netbeans/editor/Syntax$BaseStateInfo
instanceKlass com/mathworks/widgets/text/matlab/MatlabTokenInfo
instanceKlass com/mathworks/util/IntBuffer
instanceKlass com/mathworks/widgets/text/matlab/LexicalBuffer
instanceKlass com/mathworks/widgets/text/matlab/AbstractTokenManager
instanceKlass com/mathworks/widgets/text/matlab/MatlabTokenManager
instanceKlass org/netbeans/editor/Syntax$StateInfo
instanceKlass com/mathworks/widgets/text/matlab/MatlabState
instanceKlass com/mathworks/widgets/text/matlab/LexicalAccumulator
instanceKlass com/mathworks/widgets/text/matlab/MatlabLexer
instanceKlass com/mathworks/widgets/text/mcode/MSyntaxFactory
instanceKlass com/mathworks/widgets/Tokenizer$TokenInfo
instanceKlass org/netbeans/modules/xml/text/syntax/XMLTokenIDs
instanceKlass com/mathworks/widgets/text/xml/XMLSyntaxHighlighting
instanceKlass com/mathworks/widgets/text/cplusplus/CAndCPlusPlusSyntaxHighlighting
instanceKlass org/netbeans/editor/TokenContextPath$ArrayMatcher
instanceKlass org/netbeans/editor/TokenContextPath
instanceKlass org/netbeans/editor/ImageTokenID
instanceKlass org/netbeans/editor/BaseTokenID
instanceKlass org/netbeans/editor/TokenID
instanceKlass org/netbeans/editor/BaseTokenCategory
instanceKlass org/netbeans/editor/TokenCategory
instanceKlass org/netbeans/editor/SettingsNames
instanceKlass com/mathworks/widgets/text/EditorPrefsAccessor
instanceKlass com/mathworks/widgets/text/java/JavaSyntaxHighlighting
instanceKlass com/mathworks/widgets/text/DefaultSyntaxColor
instanceKlass com/mathworks/widgets/text/CommonResources
instanceKlass org/netbeans/editor/TokenContext
instanceKlass com/mathworks/matlab/api/editor/SyntaxHighlightingColor
instanceKlass com/mathworks/widgets/text/mcode/MSyntaxHighlighting
instanceKlass org/netbeans/editor/Syntax
instanceKlass com/mathworks/widgets/TokenizerFactory
instanceKlass java/rmi/server/UID
instanceKlass org/apache/commons/lang/StringEscapeUtils
instanceKlass com/mathworks/mlwidgets/configeditor/data/ConfigurationNameUtils$1
instanceKlass com/mathworks/mlwidgets/configeditor/data/ConfigurationNameUtils$2
instanceKlass com/mathworks/mlwidgets/configeditor/data/ConfigurationNameUtils
instanceKlass com/mathworks/mlwidgets/configeditor/data/ConfigurationManager$2
instanceKlass com/mathworks/widgets/glazedlists/MappedEventList$1
instanceKlass com/mathworks/mlwidgets/configeditor/data/ConfigurationManager$1
instanceKlass com/mathworks/widgets/glazedlists/MappedEventList
instanceKlass ca/odell/glazedlists/impl/beans/BeanConnector$PropertyChangeHandler
instanceKlass ca/odell/glazedlists/impl/beans/BeanConnector
instanceKlass java/util/IdentityHashMap$EntryIterator$Entry
instanceKlass com/jidesoft/introspector/BeanIntrospector$LazyValue
instanceKlass com/jidesoft/utils/TypeUtils
instanceKlass org/apache/xerces/dom/NodeListCache
instanceKlass com/jidesoft/grid/EditorStyleSupport
instanceKlass com/jidesoft/grid/EditorContextSupport
instanceKlass com/jidesoft/converter/ConverterContextSupport
instanceKlass com/jidesoft/introspector/BeanIntrospector
instanceKlass com/jidesoft/introspector/Introspector
instanceKlass com/jidesoft/converter/EnumConverter
instanceKlass com/jidesoft/converter/RangeConverter
instanceKlass com/jidesoft/range/AbstractRange
instanceKlass com/jidesoft/range/Range
instanceKlass com/jidesoft/converter/MonthNameConverter
instanceKlass com/jidesoft/converter/MultilineStringConverter
instanceKlass com/jidesoft/converter/FontConverter
instanceKlass com/jidesoft/converter/QuarterNameConverter
instanceKlass com/jidesoft/converter/StringArrayConverter
instanceKlass com/jidesoft/converter/ColorConverter
instanceKlass com/jidesoft/converter/MonthConverter
instanceKlass com/jidesoft/converter/DateConverter
instanceKlass com/jidesoft/converter/FontNameConverter
instanceKlass com/jidesoft/converter/FileConverter
instanceKlass com/jidesoft/converter/BooleanConverter
instanceKlass com/jidesoft/converter/ArrayConverter
instanceKlass com/jidesoft/converter/NumberConverter
instanceKlass com/jidesoft/converter/ObjectConverterManager
instanceKlass com/jidesoft/converter/DefaultObjectConverter
instanceKlass com/jidesoft/converter/ObjectConverter
instanceKlass com/mathworks/mlwidgets/configeditor/ConfigurationJideUtils
instanceKlass com/mathworks/mlwidgets/configeditor/plugin/ConfigurationPlugin$LoadBundle
instanceKlass com/mathworks/mlwidgets/configeditor/plugin/PersistenceUtils
instanceKlass com/mathworks/mlwidgets/configeditor/data/PublishOptions
instanceKlass com/mathworks/mlwidgets/configeditor/ConfigurationUtils
instanceKlass com/mathworks/mlwidgets/configeditor/data/AbstractFileConfiguration$Type
instanceKlass com/mathworks/mlwidgets/configeditor/ui/UiSupport
instanceKlass com/mathworks/mlwidgets/configeditor/plugin/ConfigurationPlugin$PersistenceSupport
instanceKlass com/mathworks/mlwidgets/configeditor/plugin/ConfigurationPlugin
instanceKlass com/mathworks/mlwidgets/configeditor/plugin/ConfigurationPluginManager
instanceKlass com/mathworks/mlwidgets/configeditor/plugin/ConfigurationPluginUtils
instanceKlass com/mathworks/mlwidgets/configeditor/data/ConfigurationManager
instanceKlass com/mathworks/mde/editor/plugins/matlab/RunMenuUtils
instanceKlass com/mathworks/mde/editor/plugins/matlab/RunMenu$1
instanceKlass com/mathworks/mde/editor/plugins/matlab/RunMenuItemSelectionManager
instanceKlass com/mathworks/mlwidgets/configeditor/data/ConfigurationSelectionListener
instanceKlass com/mathworks/mde/editor/plugins/matlab/MatlabPluginUtils
instanceKlass com/mathworks/mde/editor/plugins/matlab/RunMenu$2
instanceKlass com/mathworks/mde/liveeditor/LiveEditorToolSetFactory$4
instanceKlass com/mathworks/mde/editor/plugins/matlab/RunMenuItemSelectionManager$SelectableMenuItem
instanceKlass com/mathworks/mlwidgets/configeditor/data/AbstractFileConfiguration
instanceKlass com/mathworks/mde/editor/plugins/matlab/MatlabErrorHandlingOptionsListDecorator
instanceKlass com/mathworks/mde/editor/plugins/matlab/MatlabDebugActions
instanceKlass com/mathworks/mde/liveeditor/LiveEditorToolSetFactory$1
instanceKlass com/mathworks/mde/liveeditor/liveapps/LiveAppsDataModel$4
instanceKlass com/mathworks/mde/liveeditor/liveapps/LiveAppsDataModel$1
instanceKlass com/mathworks/mde/liveeditor/liveapps/LiveAppsDataModel$3
instanceKlass com/mathworks/mde/liveeditor/liveapps/LiveAppsDataModel$2
instanceKlass com/mathworks/mde/liveeditor/liveapps/LiveAppsDataModel
instanceKlass com/mathworks/mde/liveeditor/liveapps/LiveAppsDataModelFactory
instanceKlass com/mathworks/mde/liveeditor/LiveEditorToolSetFactory$6
instanceKlass com/mathworks/mde/liveeditor/LiveEditorToolSetFactory$8
instanceKlass com/mathworks/mde/editor/gotomenu/AbstractGoToMenu$2
instanceKlass com/mathworks/mde/liveeditor/LiveEditorPopupAction$Callback
instanceKlass com/mathworks/mde/editor/gotomenu/AbstractGoToMenu
instanceKlass com/mathworks/mde/liveeditor/LiveEditorToolSetFactory$10
instanceKlass com/mathworks/mde/liveeditor/LiveEditorToolSetFactory$9
instanceKlass com/mathworks/mde/liveeditor/LiveEditorToolSetFactory$11
instanceKlass com/mathworks/mde/liveeditor/ContextualToolstripTabManager$2
instanceKlass com/mathworks/mde/liveeditor/ContextualToolstripTabManager$1
instanceKlass com/mathworks/mde/liveeditor/ContextualToolstripTabManager
instanceKlass com/mathworks/mde/liveeditor/ToolstripStateChangeListener
instanceKlass com/mathworks/mde/liveeditor/figure/FigureIdentifiers
instanceKlass com/mathworks/mde/liveeditor/ToolstripRepresentative
instanceKlass com/mathworks/mde/liveeditor/LiveEditorRepresentative
instanceKlass com/mathworks/mde/liveeditor/LiveEditorToolstripTabFactory
instanceKlass com/mathworks/mde/editor/plugins/matlab/RunMenuUnhandledException
instanceKlass com/mathworks/mde/editor/debug/EditorToolstripRefreshManager$1
instanceKlass com/mathworks/mde/editor/debug/EditorToolstripRefreshManager$DebugStateListener$1
instanceKlass com/mathworks/mde/editor/debug/EditorToolstripRefreshManager$DebuggerPushPopListener
instanceKlass com/mathworks/mde/editor/debug/EditorToolstripRefreshManager$BusyIdleListener
instanceKlass com/mathworks/mde/editor/debug/EditorToolstripRefreshManager
instanceKlass com/mathworks/mde/editor/EditorToolstripHoverNotifier$1
instanceKlass com/mathworks/mde/editor/EditorToolstripHoverManager$SSingletonHolder
instanceKlass com/mathworks/mde/editor/EditorToolstripHoverManager
instanceKlass com/mathworks/mde/editor/EditorToolstripHoverNotifier
instanceKlass com/mathworks/mde/editor/debug/ToolstripRefreshListenerManager$RefreshListener
instanceKlass com/mathworks/mde/liveeditor/BackingStoreUpdater$1
instanceKlass com/mathworks/matlab/api/datamodel/BackingStoreEventListener
instanceKlass com/mathworks/mde/cmdwin/CmdWinMLIF$8
instanceKlass com/mathworks/mde/cmdwin/FunctionBrowserRowHeader$4$1
instanceKlass com/google/gson/internal/bind/TypeAdapters$34
instanceKlass com/google/gson/internal/bind/TreeTypeAdapter$GsonContextImpl
instanceKlass com/mathworks/mde/liveeditor/CustomKeyboardShortcutsFeatureSwitch
instanceKlass com/mathworks/mde/liveeditor/ActionManager$6
instanceKlass com/mathworks/mde/liveeditor/ActionManager$5
instanceKlass com/mathworks/mde/liveeditor/LiveEditorApplication
instanceKlass com/mathworks/mde/liveeditor/plugins/difftool/DiffToolInfoImpl
instanceKlass com/mathworks/mde/liveeditor/client/Utilities
instanceKlass com/mathworks/mde/liveeditor/widget/rtc/RichDocument$7
instanceKlass com/mathworks/mde/liveeditor/widget/rtc/RichDocument$3
instanceKlass com/mathworks/mde/liveeditor/widget/rtc/RichDocument$8
instanceKlass com/mathworks/mde/liveeditor/widget/rtc/RichDocument$2
instanceKlass com/mathworks/mde/liveeditor/LiveEditorClient$45
instanceKlass com/mathworks/mde/liveeditor/LiveEditorClient$44
instanceKlass com/mathworks/mde/liveeditor/LiveEditorClient$43
instanceKlass com/mathworks/mde/liveeditor/LiveEditorClient$2
instanceKlass com/mathworks/mde/liveeditor/LiveEditorClient$1
instanceKlass com/mathworks/mde/liveeditor/LiveEditorGroup$3
instanceKlass java/lang/invoke/LambdaForm$MH
instanceKlass java/lang/invoke/LambdaForm$DMH
instanceKlass java/lang/invoke/LambdaForm$DMH
instanceKlass com/mathworks/mde/liveeditor/LiveEditorDockingManager$$Lambda$38
instanceKlass com/mathworks/mde/liveeditor/LiveEditorDockingManager
instanceKlass com/mathworks/widgets/editor/SaveOnBlurImpl
instanceKlass com/mathworks/mde/editor/EditorToolstripVisibilityListener
instanceKlass com/mathworks/mde/liveeditor/LiveEditorClient$LiveEditorPrefListener
instanceKlass java/nio/charset/Charset$1
instanceKlass sun/nio/cs/ext/DelegatableDecoder
instanceKlass sun/nio/cs/CharsetMapping$Entry
instanceKlass sun/nio/cs/CharsetMapping$1
instanceKlass sun/nio/cs/CharsetMapping$4
instanceKlass sun/nio/cs/CharsetMapping$3
instanceKlass sun/nio/cs/CharsetMapping$2
instanceKlass sun/nio/cs/CharsetMapping
instanceKlass sun/nio/cs/ext/SJIS_0213$1
instanceKlass sun/nio/cs/ext/DoubleByte
instanceKlass com/mathworks/connector/json/OpaqueMessage
instanceKlass com/mathworks/matlabserver/workercommon/client/impl/ClientServiceRegistryFacadeImpl
instanceKlass com/mathworks/mlservices/MLExecutionEvent$1
instanceKlass com/mathworks/mlwidgets/workspace/WorkspaceLog
instanceKlass com/mathworks/mlwidgets/workspace/WorkspaceCommands
instanceKlass com/mathworks/mwswing/WeakPropertyChangeCoupler$1$1
instanceKlass sun/nio/cs/AbstractCharsetProvider$1
instanceKlass java/nio/charset/Charset$ExtendedProviderHolder$1
instanceKlass java/nio/charset/Charset$ExtendedProviderHolder
instanceKlass sun/util/PreHashedMap$1$1
instanceKlass sun/nio/cs/FastCharsetProvider$1
instanceKlass java/nio/charset/Charset$3
instanceKlass com/mathworks/widgets/text/EditorLanguageUtils$1
instanceKlass com/mathworks/widgets/text/vhdl/VHDLLanguage
instanceKlass com/mathworks/widgets/text/verilog/VerilogLanguage
instanceKlass com/mathworks/widgets/text/cplusplus/CLanguage
instanceKlass com/mathworks/widgets/text/tlc/TLCLanguage
instanceKlass com/mathworks/widgets/text/simscape/SimscapeLanguage
instanceKlass com/mathworks/widgets/text/xml/XMLLanguage
instanceKlass com/mathworks/widgets/text/java/JavaLanguage
instanceKlass com/mathworks/widgets/text/cuda/CudaLanguage
instanceKlass com/mathworks/widgets/text/cplusplus/CPlusPlusLanguage
instanceKlass com/mathworks/widgets/text/plain/PlainLanguage
instanceKlass com/mathworks/widgets/text/mcode/MLanguage
instanceKlass com/mathworks/project/impl/PRJLanguage
instanceKlass com/mathworks/widgets/text/EditorLanguageUtils
instanceKlass com/mathworks/widgets/text/mcode/MTree
instanceKlass com/mathworks/mde/liveeditor/LiveEditorGroup$LiveEditorApplicationListener
instanceKlass com/mathworks/mde/liveeditor/LiveEditorLegacyExecutionTracker$1
instanceKlass com/mathworks/mde/liveeditor/LiveEditorLegacyExecutionTracker$ExecutionListener
instanceKlass com/mathworks/mde/liveeditor/LiveEditorLegacyExecutionTracker
instanceKlass com/mathworks/mde/liveeditor/ActionManager$7
instanceKlass com/mathworks/services/actiondataservice/AbstractActionDataService$5
instanceKlass com/mathworks/services/actiondataservice/AbstractActionDataService$4
instanceKlass com/mathworks/services/actiondataservice/AbstractActionDataService$3
instanceKlass com/mathworks/services/actiondataservice/AbstractActionDataService$2
instanceKlass com/mathworks/peermodel/events/PeerModelListener
instanceKlass com/mathworks/services/actiondataservice/AbstractActionDataService
instanceKlass com/mathworks/services/actiondataservice/ActionDataService
instanceKlass com/mathworks/services/actiondataservice/ActionDataServiceFactory
instanceKlass com/mathworks/mde/liveeditor/ActionManager$1
instanceKlass com/mathworks/mde/liveeditor/ActionManager$13
instanceKlass com/mathworks/services/actiondataservice/ActionDataServiceListener
instanceKlass com/mathworks/mde/liveeditor/widget/rtc/RtcDocumentCachedContent
instanceKlass com/mathworks/mde/liveeditor/widget/rtc/RichTextComponent$5$1
instanceKlass com/mathworks/mde/liveeditor/widget/rtc/RichTextComponent$6
instanceKlass com/mathworks/mde/liveeditor/widget/rtc/RichTextComponent$5
instanceKlass com/mathworks/mde/liveeditor/LiveEditorTabManager$18
instanceKlass com/mathworks/mde/liveeditor/widget/rtc/RichTextComponent$1
instanceKlass com/mathworks/mde/liveeditor/widget/rtc/OpenToLineColumn
instanceKlass com/mathworks/mde/liveeditor/widget/rtc/ContextMenuService
instanceKlass java/io/DeleteOnExitHook$1
instanceKlass java/io/DeleteOnExitHook
instanceKlass java/io/File$TempDirectory
instanceKlass com/mathworks/widgets/datamodel/FileStorageLocation
instanceKlass java/nio/channels/Channels
instanceKlass com/mathworks/widgets/datamodel/AbstractFileBackingStore$DefaultDialogProvider
instanceKlass com/mathworks/widgets/datamodel/AbstractFileBackingStore$EmptyFileChooserSetupDelegate
instanceKlass com/mathworks/widgets/datamodel/AbstractFileBackingStore$AlwaysSaveInterceptor
instanceKlass com/mathworks/widgets/datamodel/AbstractFileBackingStore$EmptyDefaultFileNameProvider
instanceKlass com/mathworks/widgets/datamodel/DialogProvider
instanceKlass com/mathworks/widgets/datamodel/AbstractFileBackingStore$DialogInfoUserInteractionModel
instanceKlass com/mathworks/mde/liveeditor/ActionManager
instanceKlass com/mathworks/mde/editor/debug/ToolstripRefreshListenerManager
instanceKlass com/mathworks/matlab/api/debug/BreakpointMargin
instanceKlass com/mathworks/matlab/api/debug/ExecutionArrowMargin
instanceKlass org/netbeans/editor/AtomicLockDocument
instanceKlass org/netbeans/editor/SettingsChangeListener
instanceKlass com/mathworks/mde/liveeditor/DirtyStateSupport
instanceKlass com/mathworks/matlab/api/editor/EditorToolstripOptions
instanceKlass com/mathworks/mde/liveeditor/LiveEditorFunctionsInfo
instanceKlass com/mathworks/mde/liveeditor/LiveEditorSectionsInfo
instanceKlass com/mathworks/widgets/datamodel/AbstractBackingStore$UserInteractionModel
instanceKlass com/mathworks/mde/liveeditor/BackingStoreUpdater
instanceKlass com/mathworks/mde/liveeditor/LiveEditor
instanceKlass com/mathworks/mde/editor/plugins/editordataservice/CustomKeyboardShortcutsFeature$ActionIdsRequest
instanceKlass com/mathworks/matlab/api/editor/SaveOnBlur
instanceKlass com/mathworks/mwswing/binding/KeySequenceDispatcher$IgnoresAncestorKeyBindings
instanceKlass com/mathworks/mde/liveeditor/LiveEditorDirtyState
instanceKlass com/mathworks/matlab/api/editor/DirtyState
instanceKlass com/mathworks/widgets/desk/DTOnTopWindow$KeyDispatcher
instanceKlass com/mathworks/widgets/desk/DTOnTopWindow$PopupEventListener
instanceKlass com/mathworks/mde/cmdhist/AltHistoryTable$3
instanceKlass com/mathworks/widgets/desk/DTTitleBar$3
instanceKlass com/mathworks/mwswing/MJRadioButtonMenuItem$ActionPropertyHandler
instanceKlass com/sun/java/swing/plaf/windows/WindowsRadioButtonMenuItemUI$1
instanceKlass com/mathworks/mde/cmdhist/AltHistoryTable$DragListener
instanceKlass com/mathworks/mde/cmdhist/AltHistory$16
instanceKlass com/mathworks/mde/cmdhist/AltHistory$15
instanceKlass com/mathworks/mde/cmdhist/AltHistory$13
instanceKlass com/mathworks/mde/cmdhist/AltHistory$12
instanceKlass com/mathworks/mde/cmdhist/AltHistory$11
instanceKlass com/mathworks/mde/cmdhist/AltHistory$PreferenceListener
instanceKlass com/mathworks/mde/cmdhist/AltHistory$17
instanceKlass com/mathworks/mde/cmdhist/AltHistory$31
instanceKlass com/mathworks/mde/cmdhist/AltHistoryTable$2
instanceKlass com/mathworks/mde/cmdhist/AltHistoryTable$1
instanceKlass com/jidesoft/swing/StyleRange
instanceKlass ca/odell/glazedlists/impl/SimpleIterator
instanceKlass ca/odell/glazedlists/impl/gui/ThreadProxyEventList$UpdateRunner
instanceKlass ca/odell/glazedlists/swing/GlazedListsSwing
instanceKlass com/mathworks/mde/cmdhist/AltHistoryTable$HistoryTableFormat
instanceKlass ca/odell/glazedlists/impl/adt/barcode2/FourColorNode
instanceKlass ca/odell/glazedlists/impl/adt/BarcodeIterator
instanceKlass ca/odell/glazedlists/impl/adt/BarcodeNode
instanceKlass ca/odell/glazedlists/FilterList$PrivateMatcherEditorListener
instanceKlass ca/odell/glazedlists/impl/adt/Barcode
instanceKlass ca/odell/glazedlists/matchers/MatcherEditor$Listener
instanceKlass ca/odell/glazedlists/util/concurrent/J2SE14ReadWriteLock$WriteLock
instanceKlass ca/odell/glazedlists/util/concurrent/J2SE14ReadWriteLock$ReadLock
instanceKlass ca/odell/glazedlists/util/concurrent/J2SE14ReadWriteLock$Sync
instanceKlass ca/odell/glazedlists/util/concurrent/J2SE14ReadWriteLock
instanceKlass ca/odell/glazedlists/impl/matchers/TrueMatcher
instanceKlass ca/odell/glazedlists/matchers/Matchers
instanceKlass ca/odell/glazedlists/matchers/AbstractMatcherEditor
instanceKlass com/mathworks/mde/cmdhist/AltHistoryCollection$CommandRecordListListener
instanceKlass com/mathworks/mde/cmdhist/AltHistoryCollection$CommandSaver
instanceKlass sun/nio/fs/AbstractBasicFileAttributeView
instanceKlass sun/nio/fs/DynamicFileAttributeView
instanceKlass sun/nio/fs/WindowsFileAttributeViews
instanceKlass java/nio/file/attribute/BasicFileAttributeView
instanceKlass java/nio/file/attribute/FileAttributeView
instanceKlass java/nio/file/attribute/AttributeView
instanceKlass sun/nio/fs/WindowsFileCopy
instanceKlass org/apache/commons/io/filefilter/IOFileFilter
instanceKlass org/apache/commons/io/FileUtils
instanceKlass com/mathworks/mde/cmdhist/AltHistoryCollection$1
instanceKlass com/mathworks/util/CircularBuffer
instanceKlass com/mathworks/services/SystemServices
instanceKlass com/mathworks/mde/cmdhist/AltHistoryCollection$CommandRecord
instanceKlass com/mathworks/mde/cmdhist/AltHistoryCollection$ProductionPrefsProvider
instanceKlass com/mathworks/mde/cmdhist/AltHistoryCollection$PrefsProvider
instanceKlass com/mathworks/mde/cmdhist/AltHistory$FocusAppearanceUpdater
instanceKlass com/mathworks/toolstrip/components/gallery/popupview/CategorizedView
instanceKlass com/mathworks/toolstrip/components/gallery/popupview/ViewBuilder
instanceKlass com/mathworks/mde/cmdhist/AltHistoryCollection
instanceKlass com/mathworks/widgets/messagepanel/MessageModelListener
instanceKlass com/mathworks/mde/cmdhist/CommandStyleInfo
instanceKlass java/awt/GradientPaint
instanceKlass com/mathworks/widgets/messagepanel/MessagePanelListener
instanceKlass com/mathworks/widgets/messagepanel/MessagePanelPainter
instanceKlass com/mathworks/widgets/messagepanel/AbstractMessageModel
instanceKlass com/mathworks/widgets/messagepanel/MessageModel
instanceKlass com/mathworks/mwswing/UIEventLogger
instanceKlass com/mathworks/widgets/desk/DTEvent
instanceKlass com/mathworks/mde/workspace/WorkspaceBrowser$2
instanceKlass com/mathworks/mde/workspace/WorkspaceBrowser$WSBPrefs
instanceKlass com/mathworks/mde/workspace/WorkspaceBrowser$LoggingActionListener
instanceKlass com/mathworks/mde/workspace/WorkspaceBrowser$VariableInfo
instanceKlass com/mathworks/mde/workspace/WorkspaceBrowser$PlottingSelectionListener
instanceKlass com/mathworks/mlwidgets/workspace/WorkspaceDialogs
instanceKlass com/mathworks/mlwidgets/workspace/WorkspaceTable$1
instanceKlass com/mathworks/mlwidgets/workspace/VariableRecordlistModel$SizeStringComparator
instanceKlass javax/xml/bind/annotation/XmlEnumValue
instanceKlass java/text/DateFormatSymbols
instanceKlass com/mathworks/ddux/ddux
instanceKlass com/mathworks/mlwidgets/workspace/WorkspaceDnDListener
instanceKlass com/mathworks/mlwidgets/array/UserActionLogger$LoggingProxyActionListener
instanceKlass com/mathworks/mlwidgets/array/UserActionLogger
instanceKlass com/mathworks/mlwidgets/workspace/WorkspaceSelectionPopupMenu$LoggingActionListener
instanceKlass com/mathworks/widgets/spreadsheet/IClipboardOpProvider
instanceKlass com/mathworks/widgets/spreadsheet/IPrintingOpProvider
instanceKlass com/mathworks/widgets/spreadsheet/ISaveOpProvider
instanceKlass com/mathworks/mlwidgets/array/UpdatableData
instanceKlass com/mathworks/mlwidgets/workspace/WorkspaceTable$WorkspaceTableActionProvider
instanceKlass com/mathworks/mlwidgets/workspace/ActionUtils
instanceKlass com/mathworks/widgets/recordlist/RecordlistTable$AppFocusL
instanceKlass com/mathworks/widgets/recordlist/RecordlistResources
instanceKlass com/mathworks/widgets/recordlist/ObserverAdapter
instanceKlass com/mathworks/widgets/recordlist/RecordlistTable$3
instanceKlass javax/swing/JTable$4
instanceKlass javax/swing/JTable$2
instanceKlass javax/swing/JTable$Resizable3
instanceKlass javax/swing/JTable$Resizable2
instanceKlass com/mathworks/widgets/spreadsheet/UndoActionFactory
instanceKlass com/mathworks/widgets/recordlist/RecordlistTable$FieldEditor$1
instanceKlass javax/swing/DefaultCellEditor$EditorDelegate
instanceKlass com/mathworks/widgets/recordlist/FullRLTCellRenderer
instanceKlass com/mathworks/mlwidgets/workspace/util/WorkspaceIcon
instanceKlass com/mathworks/widgets/recordlist/RecordlistTable$ColumnSelectionRecorder
instanceKlass com/mathworks/widgets/recordlist/RecordlistTable$SelectionRecorder
instanceKlass com/mathworks/util/ArrayUtils$EmptyObjects
instanceKlass com/mathworks/widgets/recordlist/RecordlistSelectionTracker
instanceKlass com/mathworks/widgets/recordlist/RecordlistTable$ActionHelper
instanceKlass com/mathworks/widgets/recordlist/ActionUtils
instanceKlass com/mathworks/mwswing/table/PlatformDelegatingHeaderRenderer
instanceKlass com/mathworks/mwswing/TableUtils
instanceKlass javax/swing/AbstractCellEditor
instanceKlass javax/swing/tree/TreeCellEditor
instanceKlass com/mathworks/util/ArrayUtils$EmptyPrimitives
instanceKlass com/mathworks/mlwidgets/graphics/PlotPickerOpener
instanceKlass com/mathworks/widgets/recordlist/ICreationObserver
instanceKlass com/mathworks/widgets/recordlist/IDuplicationObserver
instanceKlass com/mathworks/widgets/recordlist/IOpeningObserver
instanceKlass com/mathworks/widgets/recordlist/ICopyingObserver
instanceKlass com/mathworks/widgets/recordlist/IEditingObserver
instanceKlass com/mathworks/mwswing/TableCell
instanceKlass com/mathworks/widgets/recordlist/RecordlistTableModel$RowLocationData
instanceKlass com/mathworks/widgets/recordlist/IRecordFilter
instanceKlass com/mathworks/widgets/recordlist/RecordlistTableModel$ViewUpdater
instanceKlass com/mathworks/mwswing/table/RestrictedSortTableModel
instanceKlass com/mathworks/mwswing/table/PresortedTableModel
instanceKlass com/mathworks/widgets/recordlist/IRecordlistListener
instanceKlass com/mathworks/mlwidgets/workspace/ActionUtils$ActionProvider
instanceKlass com/mathworks/mlwidgets/workspace/ActionUtils$InputMapActionProvider
instanceKlass com/mathworks/mwswing/MJTable$TableAppearanceFocusListener
instanceKlass com/mathworks/widgets/spreadsheet/IUndoManagerProvider
instanceKlass com/mathworks/widgets/recordlist/IDeletionObserver
instanceKlass com/mathworks/widgets/recordlist/IRecordOperationObserver
instanceKlass com/mathworks/widgets/recordlist/IRecordSecondaryIconProvider
instanceKlass com/mathworks/widgets/recordlist/InternalActionHelper
instanceKlass com/mathworks/mlwidgets/workspace/MatlabWorkspaceModel$1
instanceKlass com/mathworks/mlwidgets/workspace/WorkspacePrefs
instanceKlass com/mathworks/mlwidgets/workspace/MatlabWorkspaceListener$WhosObserver
instanceKlass com/m